[g.igroutka.ru/games/8/zPWB0Z3MWEWki3/files/games/h1/italian-brainrot-obby-parkour-v01i/index.html]
[backblue.gif]
[fade.gif]
[index.html]
[g.igroutka.ru/games/8/zPWB0Z3MWEWki3/files/games/h1/italian-brainrot-obby-parkour-v01i/Build.jpg]
[g.igroutka.ru/games/8/zPWB0Z3MWEWki3/files/games/h1/italian-brainrot-obby-parkour-v01i/TemplateData/favicon.ico]
[g.igroutka.ru/games/8/zPWB0Z3MWEWki3/files/games/h1/italian-brainrot-obby-parkour-v01i/TemplateData/style.css]
[g.igroutka.ru/games/8/zPWB0Z3MWEWki3/files/games/h1/italian-brainrot-obby-parkour-v01i/logo.png]
[g.igroutka.ru/games/8/zPWB0Z3MWEWki3/files/games/h1/italian-brainrot-obby-parkour-v01i/index.html]
[g.igroutka.ru/games/8/zPWB0Z3MWEWki3/files/games/h1/italian-brainrot-obby-parkour-v01i/TemplateData/style.css]
[m.igroutka.ru/files/scripts/scr2.js]
[g.igroutka.ru/games/8/zPWB0Z3MWEWki3/files/games/h1/italian-brainrot-obby-parkour-v01i/Build.html]
[g.igroutka.ru/games/8/zPWB0Z3MWEWki3/files/games/h1/italian-brainrot-obby-parkour-v01i/sdk-v1.0.js]
[g.com/pagead/js/adsbygoogle.js]
